{"event": "WARNING", "content": {"message": "You may do something with retrieved response {'data': 'content'}", "is_error": false}}
{"event": "DATAFLOW", "content": {"output_ids": {"rest_response": {"data": "content"}}, "branch_name_or_code": 1, "params": {"substituted": {"method": "get", "endpoint": "http://ensembl.local/api/", "retry": 3, "status_retry": [503, 413, 429], "method_retry": ["HEAD", "DELETE", "PUT", "TRACE", "GET", "OPTIONS"], "headers": {}, "files": [], "payload": {}, "timeout": 1}, "unsubstituted": {"endpoint": "http://ensembl.local/api/", "payload": {}, "headers": {}, "files": [], "method": "get", "timeout": 1, "retry": 3, "status_retry": [503, 413, 429], "method_retry": ["HEAD", "DELETE", "PUT", "TRACE", "GET", "OPTIONS"]}}}}
